<html>
<body>
<pre>
<h1>µVision Build Log</h1>
<h2>Tool Versions:</h2>
IDE-Version: µVision V5.20.0.0
Copyright (C) 2016 ARM Ltd and ARM Germany GmbH. All rights reserved.
License Information: pister-lab pister-lab, UC Berkeley BSAC, LIC=QF82Z-JNNRF-PCMJ8-38TBS-IHFE8-0U8FN
 
Tool Versions:
Toolchain:       MDK-ARM Plus  Version: 5.20
Toolchain Path:  C:\Keil_v5\ARM\ARMCC\Bin
C Compiler:      Armcc.exe V5.06 update 2 (build 183)
Assembler:       Armasm.exe V5.06 update 2 (build 183)
Linker/Locator:  ArmLink.exe V5.06 update 2 (build 183)
Library Manager: ArmAr.exe V5.06 update 2 (build 183)
Hex Converter:   FromElf.exe V5.06 update 2 (build 183)
CPU DLL:         SARMCM3.DLL V5.20
Dialog DLL:      DARMCM1.DLL V1.14.0.0
Target DLL:      UL2CM3.DLL V1.157.18.0
Dialog DLL:      TARMCM1.DLL V1.10.0.0
 
<h2>Project:</h2>
C:\Users\pister-lab4\Documents\Brian\scum-test-code\code.uvprojx
Project File Date:  10/21/2019

<h2>Output:</h2>
*** Using Compiler 'V5.06 update 2 (build 183)', folder: 'C:\Keil_v5\ARM\ARMCC\Bin'
Build target 'Target 1'
compiling lighthouse.c...
scm3_hardware_interface.h(30): warning:  #1-D: last line of file ends without a newline
  void divProgram(unsigned int div_ratio, unsigned int reset, unsigned int enable);
lighthouse.h(46): warning:  #1-D: last line of file ends without a newline
  #define LO_SUPPLY_LH 64
lighthouse.c(815): warning:  #1-D: last line of file ends without a newline
  }
lighthouse.c: 3 warnings, 0 errors
linking...
.\code.axf: Warning: L6305W: Image does not have an entry point. (Not specified or not set due to multiple choices.)
Program Size: Code=15068 RO-data=328 RW-data=384 ZI-data=24384  
Finished: 0 information, 1 warning and 0 error messages.
After Build - User command #1: fromelf --bin code.axf -o code.bin
After Build - User command #2: fromelf -cvf code.axf -o disasm.txt
".\code.axf" - 0 Error(s), 4 Warning(s).

<h2>Collection of Component include folders:</h2>
  C:\Users\pister-lab4\Documents\Brian\scum-test-code\RTE
  C:\Keil_v5\ARM\PACK\ARM\CMSIS\4.5.0\Device\ARM\ARMCM0\Include

<h2>Collection of Component Files used:</h2>
Build Time Elapsed:  00:00:00
</pre>
</body>
</html>
