Component: ARM Compiler 5.06 update 2 (build 183) Tool: armlink [4d35b7]

==============================================================================

Section Cross References

    cm0dsasm.o(STACK) refers (Special) to heapauxi.o(.text) for __use_two_region_memory
    cm0dsasm.o(HEAP) refers (Special) to heapauxi.o(.text) for __use_two_region_memory
    cm0dsasm.o(RESET) refers (Special) to heapauxi.o(.text) for __use_two_region_memory
    cm0dsasm.o(RESET) refers to cm0dsasm.o(STACK) for __initial_sp
    cm0dsasm.o(RESET) refers to cm0dsasm.o(.text) for Reset_Handler
    cm0dsasm.o(.text) refers (Special) to heapauxi.o(.text) for __use_two_region_memory
    cm0dsasm.o(.text) refers to main.o(.text) for UART_ISR
    cm0dsasm.o(.text) refers to __main.o(!!!main) for __main
    cm0dsasm.o(.text) refers to cm0dsasm.o(HEAP) for Heap_Mem
    cm0dsasm.o(.text) refers to cm0dsasm.o(STACK) for Stack_Mem
    main.o(.text) refers to _printf_percent.o(.ARM.Collect$$_printf_percent$$00000000) for _printf_percent
    main.o(.text) refers to _printf_u.o(.ARM.Collect$$_printf_percent$$0000000A) for _printf_u
    main.o(.text) refers to _printf_dec.o(.text) for _printf_int_dec
    main.o(.text) refers to _printf_c.o(.ARM.Collect$$_printf_percent$$00000013) for _printf_c
    main.o(.text) refers to _printf_str.o(.text) for _printf_str
    main.o(.text) refers to _printf_x.o(.ARM.Collect$$_printf_percent$$0000000C) for _printf_x
    main.o(.text) refers to _printf_hex_int.o(.text) for _printf_longlong_hex
    main.o(.text) refers to _printf_d.o(.ARM.Collect$$_printf_percent$$00000009) for _printf_d
    main.o(.text) refers to noretval__2printf.o(.text) for __2printf
    main.o(.text) refers to scum_radio_bsp.o(.text) for radio_rfOff
    main.o(.text) refers to main.o(.data) for buff
    main.o(.text) refers to main.o(.bss) for send_packet
    main.o(.text) refers to scm3c_hardware_interface.o(.data) for expected_RX_arrival
    main.o(.text) refers to scm3c_hardware_interface.o(.text) for read_IF_estimate
    main.o(.text) refers to scm3_hardware_interface.o(.text) for set_2M_RC_frequency
    main.o(.text) refers to scm3_hardware_interface.o(.bss) for ASC
    retarget.o(.text) refers (Special) to use_no_semi_2.o(.text) for __use_no_semihosting
    retarget.o(.text) refers to noretval__2printf.o(.text) for __2printf
    retarget.o(.text) refers to retarget.o(.data) for __stdout
    retarget.o(.data) refers (Special) to use_no_semi_2.o(.text) for __use_no_semihosting
    scm3c_hardware_interface.o(.text) refers to _printf_percent.o(.ARM.Collect$$_printf_percent$$00000000) for _printf_percent
    scm3c_hardware_interface.o(.text) refers to _printf_x.o(.ARM.Collect$$_printf_percent$$0000000C) for _printf_x
    scm3c_hardware_interface.o(.text) refers to _printf_hex_int.o(.text) for _printf_longlong_hex
    scm3c_hardware_interface.o(.text) refers to _printf_d.o(.ARM.Collect$$_printf_percent$$00000009) for _printf_d
    scm3c_hardware_interface.o(.text) refers to _printf_dec.o(.text) for _printf_int_dec
    scm3c_hardware_interface.o(.text) refers to scm3_hardware_interface.o(.text) for set_asc_bit
    scm3c_hardware_interface.o(.text) refers to rt_memcpy.o(.emb_text) for __aeabi_memcpy4
    scm3c_hardware_interface.o(.text) refers to noretval__2printf.o(.text) for __2printf
    scm3c_hardware_interface.o(.text) refers to scm3c_hardware_interface.o(.constdata) for .constdata
    scm3c_hardware_interface.o(.text) refers to scm3_hardware_interface.o(.bss) for ASC
    scm3c_hardware_interface.o(.text) refers to aeabi_sdiv.o(.text) for __aeabi_idivmod
    scm3c_hardware_interface.o(.text) refers to scum_radio_bsp.o(.text) for radio_disable_interrupts
    scm3c_hardware_interface.o(.text) refers to main.o(.data) for HF_CLOCK_fine
    scm3c_hardware_interface.o(.text) refers to rt_memclr.o(.text) for __aeabi_memclr4
    scm3c_hardware_interface.o(.text) refers to scm3c_hardware_interface.o(.bss) for RX_channel_codes
    scm3_hardware_interface.o(.text) refers to scm3_hardware_interface.o(.data) for dac_2M_settings
    scm3_hardware_interface.o(.text) refers to scm3_hardware_interface.o(.bss) for ASC
    scm3_hardware_interface.o(.text) refers to main.o(.bss) for send_packet
    scum_radio_bsp.o(.text) refers to scm3c_hardware_interface.o(.text) for LC_monotonic
    scum_radio_bsp.o(.text) refers to aeabi_sdiv.o(.text) for __aeabi_idivmod
    scum_radio_bsp.o(.text) refers to scm3c_hardware_interface.o(.bss) for RX_channel_codes
    scum_radio_bsp.o(.text) refers to main.o(.bss) for send_packet
    scum_radio_bsp.o(.text) refers to scm3c_hardware_interface.o(.data) for expected_RX_arrival
    scum_radio_bsp.o(.text) refers to main.o(.data) for SFD_timestamp
    scum_radio_bsp.o(.text) refers to scum_radio_bsp.o(.data) for frequency_update_cooldown_timer
    scum_radio_bsp.o(.text) refers to scum_radio_bsp.o(.bss) for cdr_tau_history
    use_no_semi_2.o(.text) refers (Special) to use_no_semi.o(.text) for __use_no_semihosting_swi
    __2printf.o(.text) refers to _printf_char_file.o(.text) for _printf_char_file
    __2printf.o(.text) refers to retarget.o(.data) for __stdout
    noretval__2printf.o(.text) refers to _printf_char_file.o(.text) for _printf_char_file
    noretval__2printf.o(.text) refers to retarget.o(.data) for __stdout
    __printf.o(.text) refers to _printf_percent.o(.ARM.Collect$$_printf_percent$$00000000) for _printf_percent
    _printf_str.o(.text) refers (Special) to _printf_char.o(.text) for _printf_cs_common
    _printf_dec.o(.text) refers to rtudiv10.o(.text) for __rt_udiv10
    _printf_dec.o(.text) refers to _printf_intcommon.o(.text) for _printf_int_common
    _printf_hex_ll.o(.text) refers to _printf_intcommon.o(.text) for _printf_int_common
    _printf_hex_ll.o(.text) refers to _printf_hex_ll.o(.constdata) for .constdata
    _printf_hex_int.o(.text) refers to _printf_intcommon.o(.text) for _printf_int_common
    _printf_hex_int.o(.text) refers to _printf_hex_int.o(.constdata) for .constdata
    _printf_hex_int_ll.o(.text) refers to _printf_intcommon.o(.text) for _printf_int_common
    _printf_hex_int_ll.o(.text) refers to _printf_hex_int_ll.o(.constdata) for .constdata
    _printf_hex_ptr.o(.text) refers to _printf_intcommon.o(.text) for _printf_int_common
    _printf_hex_ptr.o(.text) refers to _printf_hex_ptr.o(.constdata) for .constdata
    _printf_hex_int_ptr.o(.text) refers to _printf_intcommon.o(.text) for _printf_int_common
    _printf_hex_int_ptr.o(.text) refers to _printf_hex_int_ptr.o(.constdata) for .constdata
    _printf_hex_ll_ptr.o(.text) refers to _printf_intcommon.o(.text) for _printf_int_common
    _printf_hex_ll_ptr.o(.text) refers to _printf_hex_ll_ptr.o(.constdata) for .constdata
    _printf_hex_int_ll_ptr.o(.text) refers to _printf_intcommon.o(.text) for _printf_int_common
    _printf_hex_int_ll_ptr.o(.text) refers to _printf_hex_int_ll_ptr.o(.constdata) for .constdata
    __printf_flags.o(.text) refers to _printf_percent.o(.ARM.Collect$$_printf_percent$$00000000) for _printf_percent
    __printf_flags.o(.text) refers to __printf_flags.o(.constdata) for .constdata
    __printf_ss.o(.text) refers to _printf_percent.o(.ARM.Collect$$_printf_percent$$00000000) for _printf_percent
    __printf_flags_ss.o(.text) refers to _printf_percent.o(.ARM.Collect$$_printf_percent$$00000000) for _printf_percent
    __printf_flags_ss.o(.text) refers to __printf_flags_ss.o(.constdata) for .constdata
    __printf_wp.o(.text) refers to __printf_wp.o(i._is_digit) for _is_digit
    __printf_wp.o(.text) refers to _printf_percent.o(.ARM.Collect$$_printf_percent$$00000000) for _printf_percent
    __printf_flags_wp.o(.text) refers to __printf_wp.o(i._is_digit) for _is_digit
    __printf_flags_wp.o(.text) refers to _printf_percent.o(.ARM.Collect$$_printf_percent$$00000000) for _printf_percent
    __printf_flags_wp.o(.text) refers to __printf_flags_wp.o(.constdata) for .constdata
    __printf_ss_wp.o(.text) refers to __printf_wp.o(i._is_digit) for _is_digit
    __printf_ss_wp.o(.text) refers to _printf_percent.o(.ARM.Collect$$_printf_percent$$00000000) for _printf_percent
    __printf_flags_ss_wp.o(.text) refers to __printf_wp.o(i._is_digit) for _is_digit
    __printf_flags_ss_wp.o(.text) refers to _printf_percent.o(.ARM.Collect$$_printf_percent$$00000000) for _printf_percent
    __printf_flags_ss_wp.o(.text) refers to __printf_flags_ss_wp.o(.constdata) for .constdata
    _printf_c.o(.ARM.Collect$$_printf_percent$$00000013) refers (Weak) to _printf_char.o(.text) for _printf_char
    _printf_x.o(.ARM.Collect$$_printf_percent$$0000000C) refers (Weak) to _printf_hex_int.o(.text) for _printf_int_hex
    _printf_d.o(.ARM.Collect$$_printf_percent$$00000009) refers (Weak) to _printf_dec.o(.text) for _printf_int_dec
    _printf_u.o(.ARM.Collect$$_printf_percent$$0000000A) refers (Weak) to _printf_dec.o(.text) for _printf_int_dec
    _printf_percent.o(.ARM.Collect$$_printf_percent$$00000000) refers (Special) to _printf_percent_end.o(.ARM.Collect$$_printf_percent$$00000017) for _printf_percent_end
    rt_memcpy.o(.text) refers to rt_memcpy.o(.emb_text) for __aeabi_memcpy4
    __main.o(!!!main) refers to __rtentry.o(.ARM.Collect$$rtentry$$00000000) for __rt_entry
    __rtentry.o(.ARM.Collect$$rtentry$$00000000) refers (Special) to __rtentry2.o(.ARM.Collect$$rtentry$$0000000A) for __rt_entry_li
    __rtentry.o(.ARM.Collect$$rtentry$$00000000) refers (Special) to __rtentry2.o(.ARM.Collect$$rtentry$$0000000D) for __rt_entry_main
    __rtentry.o(.ARM.Collect$$rtentry$$00000000) refers (Special) to __rtentry2.o(.ARM.Collect$$rtentry$$0000000C) for __rt_entry_postli_1
    __rtentry.o(.ARM.Collect$$rtentry$$00000000) refers (Special) to __rtentry2.o(.ARM.Collect$$rtentry$$00000009) for __rt_entry_postsh_1
    __rtentry.o(.ARM.Collect$$rtentry$$00000000) refers (Special) to __rtentry2.o(.ARM.Collect$$rtentry$$00000002) for __rt_entry_presh_1
    __rtentry.o(.ARM.Collect$$rtentry$$00000000) refers (Special) to __rtentry4.o(.ARM.Collect$$rtentry$$00000004) for __rt_entry_sh
    aeabi_idiv0_sigfpe.o(.text) refers to rt_div0.o(.text) for __rt_div0
    _printf_char.o(.text) refers (Weak) to _printf_str.o(.text) for _printf_str
    _printf_char_file.o(.text) refers to _printf_char_common.o(.text) for _printf_char_common
    _printf_char_file.o(.text) refers to retarget.o(.text) for ferror
    __rtentry2.o(.ARM.Collect$$rtentry$$00000008) refers to boardinit2.o(.text) for _platform_post_stackheap_init
    __rtentry2.o(.ARM.Collect$$rtentry$$0000000A) refers to libinit.o(.ARM.Collect$$libinit$$00000000) for __rt_lib_init
    __rtentry2.o(.ARM.Collect$$rtentry$$0000000B) refers to boardinit3.o(.text) for _platform_post_lib_init
    __rtentry2.o(.ARM.Collect$$rtentry$$0000000D) refers to main.o(.text) for main
    __rtentry2.o(.ARM.Collect$$rtentry$$0000000D) refers to exit.o(.text) for exit
    __rtentry2.o(.ARM.exidx) refers to __rtentry2.o(.ARM.Collect$$rtentry$$00000001) for .ARM.Collect$$rtentry$$00000001
    __rtentry2.o(.ARM.exidx) refers to __rtentry2.o(.ARM.Collect$$rtentry$$00000008) for .ARM.Collect$$rtentry$$00000008
    __rtentry2.o(.ARM.exidx) refers to __rtentry2.o(.ARM.Collect$$rtentry$$0000000A) for .ARM.Collect$$rtentry$$0000000A
    __rtentry2.o(.ARM.exidx) refers to __rtentry2.o(.ARM.Collect$$rtentry$$0000000B) for .ARM.Collect$$rtentry$$0000000B
    __rtentry2.o(.ARM.exidx) refers to __rtentry2.o(.ARM.Collect$$rtentry$$0000000D) for .ARM.Collect$$rtentry$$0000000D
    __rtentry4.o(.ARM.Collect$$rtentry$$00000004) refers to sys_stackheap_outer.o(.text) for __user_setup_stackheap
    __rtentry4.o(.ARM.exidx) refers to __rtentry4.o(.ARM.Collect$$rtentry$$00000004) for .ARM.Collect$$rtentry$$00000004
    rt_div0.o(.text) refers to defsig_fpe_outer.o(.text) for __rt_SIGFPE
    _printf_char_common.o(.text) refers to __printf.o(.text) for __printf
    sys_stackheap_outer.o(.text) refers to libspace.o(.text) for __user_perproc_libspace
    sys_stackheap_outer.o(.text) refers to cm0dsasm.o(.text) for __user_initial_stackheap
    sys_stackheap_outer.o(__vectab_stack_and_reset_area) refers to tempstk.o(.text) for __temporary_stack_top
    sys_stackheap_outer.o(__vectab_stack_and_reset_area) refers to __main.o(!!!main) for __main
    exit.o(.text) refers to rtexit.o(.ARM.Collect$$rtexit$$00000000) for __rt_exit
    defsig_fpe_outer.o(.text) refers to defsig_fpe_inner.o(.text) for __rt_SIGFPE_inner
    defsig_fpe_outer.o(.text) refers to defsig_exit.o(.text) for __sig_exit
    defsig_fpe_formal.o(.text) refers to rt_raise.o(.text) for __rt_raise
    libinit.o(.ARM.Collect$$libinit$$00000000) refers (Special) to libinit2.o(.ARM.Collect$$libinit$$0000002E) for __rt_lib_init_alloca_1
    libinit.o(.ARM.Collect$$libinit$$00000000) refers (Special) to libinit2.o(.ARM.Collect$$libinit$$0000002C) for __rt_lib_init_argv_1
    libinit.o(.ARM.Collect$$libinit$$00000000) refers (Special) to libinit2.o(.ARM.Collect$$libinit$$0000001B) for __rt_lib_init_atexit_1
    libinit.o(.ARM.Collect$$libinit$$00000000) refers (Special) to libinit2.o(.ARM.Collect$$libinit$$00000021) for __rt_lib_init_clock_1
    libinit.o(.ARM.Collect$$libinit$$00000000) refers (Special) to libinit2.o(.ARM.Collect$$libinit$$00000032) for __rt_lib_init_cpp_1
    libinit.o(.ARM.Collect$$libinit$$00000000) refers (Special) to libinit2.o(.ARM.Collect$$libinit$$00000030) for __rt_lib_init_exceptions_1
    libinit.o(.ARM.Collect$$libinit$$00000000) refers (Special) to libinit2.o(.ARM.Collect$$libinit$$00000002) for __rt_lib_init_fp_1
    libinit.o(.ARM.Collect$$libinit$$00000000) refers (Special) to libinit2.o(.ARM.Collect$$libinit$$0000001F) for __rt_lib_init_fp_trap_1
    libinit.o(.ARM.Collect$$libinit$$00000000) refers (Special) to libinit2.o(.ARM.Collect$$libinit$$00000023) for __rt_lib_init_getenv_1
    libinit.o(.ARM.Collect$$libinit$$00000000) refers (Special) to libinit2.o(.ARM.Collect$$libinit$$0000000A) for __rt_lib_init_heap_1
    libinit.o(.ARM.Collect$$libinit$$00000000) refers (Special) to libinit2.o(.ARM.Collect$$libinit$$00000011) for __rt_lib_init_lc_collate_1
    libinit.o(.ARM.Collect$$libinit$$00000000) refers (Special) to libinit2.o(.ARM.Collect$$libinit$$00000013) for __rt_lib_init_lc_ctype_1
    libinit.o(.ARM.Collect$$libinit$$00000000) refers (Special) to libinit2.o(.ARM.Collect$$libinit$$00000015) for __rt_lib_init_lc_monetary_1
    libinit.o(.ARM.Collect$$libinit$$00000000) refers (Special) to libinit2.o(.ARM.Collect$$libinit$$00000017) for __rt_lib_init_lc_numeric_1
    libinit.o(.ARM.Collect$$libinit$$00000000) refers (Special) to libinit2.o(.ARM.Collect$$libinit$$00000019) for __rt_lib_init_lc_time_1
    libinit.o(.ARM.Collect$$libinit$$00000000) refers (Special) to libinit2.o(.ARM.Collect$$libinit$$00000004) for __rt_lib_init_preinit_1
    libinit.o(.ARM.Collect$$libinit$$00000000) refers (Special) to libinit2.o(.ARM.Collect$$libinit$$0000000E) for __rt_lib_init_rand_1
    libinit.o(.ARM.Collect$$libinit$$00000000) refers (Special) to libinit2.o(.ARM.Collect$$libinit$$00000033) for __rt_lib_init_return
    libinit.o(.ARM.Collect$$libinit$$00000000) refers (Special) to libinit2.o(.ARM.Collect$$libinit$$0000001D) for __rt_lib_init_signal_1
    libinit.o(.ARM.Collect$$libinit$$00000000) refers (Special) to libinit2.o(.ARM.Collect$$libinit$$00000025) for __rt_lib_init_stdio_1
    libinit.o(.ARM.Collect$$libinit$$00000000) refers (Special) to libinit2.o(.ARM.Collect$$libinit$$0000000C) for __rt_lib_init_user_alloc_1
    libspace.o(.text) refers to libspace.o(.bss) for __libspace_start
    rtexit.o(.ARM.Collect$$rtexit$$00000000) refers (Special) to rtexit2.o(.ARM.Collect$$rtexit$$00000004) for __rt_exit_exit
    rtexit.o(.ARM.Collect$$rtexit$$00000000) refers (Special) to rtexit2.o(.ARM.Collect$$rtexit$$00000003) for __rt_exit_ls
    rtexit.o(.ARM.Collect$$rtexit$$00000000) refers (Special) to rtexit2.o(.ARM.Collect$$rtexit$$00000002) for __rt_exit_prels_1
    rtexit.o(.ARM.exidx) refers (Special) to rtexit2.o(.ARM.Collect$$rtexit$$00000004) for __rt_exit_exit
    rtexit.o(.ARM.exidx) refers (Special) to rtexit2.o(.ARM.Collect$$rtexit$$00000003) for __rt_exit_ls
    rtexit.o(.ARM.exidx) refers (Special) to rtexit2.o(.ARM.Collect$$rtexit$$00000002) for __rt_exit_prels_1
    rtexit.o(.ARM.exidx) refers to rtexit.o(.ARM.Collect$$rtexit$$00000000) for .ARM.Collect$$rtexit$$00000000
    rt_raise.o(.text) refers to __raise.o(.text) for __raise
    rt_raise.o(.text) refers to retarget.o(.text) for _sys_exit
    defsig_exit.o(.text) refers to retarget.o(.text) for _sys_exit
    defsig_fpe_inner.o(.text) refers to defsig_general.o(.text) for __default_signal_display
    libinit2.o(.ARM.Collect$$libinit$$00000010) refers to libinit2.o(.ARM.Collect$$libinit$$0000000F) for .ARM.Collect$$libinit$$0000000F
    libinit2.o(.ARM.Collect$$libinit$$00000012) refers to libinit2.o(.ARM.Collect$$libinit$$0000000F) for .ARM.Collect$$libinit$$0000000F
    libinit2.o(.ARM.Collect$$libinit$$00000014) refers to libinit2.o(.ARM.Collect$$libinit$$0000000F) for .ARM.Collect$$libinit$$0000000F
    libinit2.o(.ARM.Collect$$libinit$$00000016) refers to libinit2.o(.ARM.Collect$$libinit$$0000000F) for .ARM.Collect$$libinit$$0000000F
    libinit2.o(.ARM.Collect$$libinit$$00000018) refers to libinit2.o(.ARM.Collect$$libinit$$0000000F) for .ARM.Collect$$libinit$$0000000F
    libinit2.o(.ARM.Collect$$libinit$$00000026) refers to argv_veneer.o(.text) for __ARM_argv_veneer
    libinit2.o(.ARM.Collect$$libinit$$00000027) refers to argv_veneer.o(.text) for __ARM_argv_veneer
    rtexit2.o(.ARM.Collect$$rtexit$$00000003) refers to libshutdown.o(.ARM.Collect$$libshutdown$$00000000) for __rt_lib_shutdown
    rtexit2.o(.ARM.Collect$$rtexit$$00000004) refers to retarget.o(.text) for _sys_exit
    rtexit2.o(.ARM.exidx) refers to rtexit2.o(.ARM.Collect$$rtexit$$00000001) for .ARM.Collect$$rtexit$$00000001
    rtexit2.o(.ARM.exidx) refers to rtexit2.o(.ARM.Collect$$rtexit$$00000003) for .ARM.Collect$$rtexit$$00000003
    rtexit2.o(.ARM.exidx) refers to rtexit2.o(.ARM.Collect$$rtexit$$00000004) for .ARM.Collect$$rtexit$$00000004
    __raise.o(.text) refers to defsig.o(CL$$defsig) for __default_signal_handler
    defsig_general.o(.text) refers to retarget.o(.text) for _ttywrch
    defsig.o(CL$$defsig) refers to defsig_fpe_inner.o(.text) for __rt_SIGFPE_inner
    defsig.o(CL$$defsig) refers to defsig_rtmem_inner.o(.text) for __rt_SIGRTMEM_inner
    _get_argv_nomalloc.o(.text) refers (Special) to hrguard.o(.text) for __heap_region$guard
    _get_argv_nomalloc.o(.text) refers to defsig_rtmem_outer.o(.text) for __rt_SIGRTMEM
    _get_argv_nomalloc.o(.text) refers to sys_command.o(.text) for _sys_command_string
    libshutdown.o(.ARM.Collect$$libshutdown$$00000000) refers (Special) to libshutdown2.o(.ARM.Collect$$libshutdown$$00000002) for __rt_lib_shutdown_cpp_1
    libshutdown.o(.ARM.Collect$$libshutdown$$00000000) refers (Special) to libshutdown2.o(.ARM.Collect$$libshutdown$$00000007) for __rt_lib_shutdown_fp_trap_1
    libshutdown.o(.ARM.Collect$$libshutdown$$00000000) refers (Special) to libshutdown2.o(.ARM.Collect$$libshutdown$$0000000F) for __rt_lib_shutdown_heap_1
    libshutdown.o(.ARM.Collect$$libshutdown$$00000000) refers (Special) to libshutdown2.o(.ARM.Collect$$libshutdown$$00000010) for __rt_lib_shutdown_return
    libshutdown.o(.ARM.Collect$$libshutdown$$00000000) refers (Special) to libshutdown2.o(.ARM.Collect$$libshutdown$$0000000A) for __rt_lib_shutdown_signal_1
    libshutdown.o(.ARM.Collect$$libshutdown$$00000000) refers (Special) to libshutdown2.o(.ARM.Collect$$libshutdown$$00000004) for __rt_lib_shutdown_stdio_1
    libshutdown.o(.ARM.Collect$$libshutdown$$00000000) refers (Special) to libshutdown2.o(.ARM.Collect$$libshutdown$$0000000C) for __rt_lib_shutdown_user_alloc_1
    sys_command.o(.text) refers (Special) to use_no_semi.o(.text) for __I$use$semihosting
    sys_command.o(.text) refers (Special) to indicate_semi.o(.text) for __semihosting_library_function
    defsig_abrt_inner.o(.text) refers to defsig_general.o(.text) for __default_signal_display
    defsig_rtred_inner.o(.text) refers to defsig_general.o(.text) for __default_signal_display
    defsig_rtmem_inner.o(.text) refers to defsig_general.o(.text) for __default_signal_display
    defsig_rtmem_outer.o(.text) refers to defsig_rtmem_inner.o(.text) for __rt_SIGRTMEM_inner
    defsig_rtmem_outer.o(.text) refers to defsig_exit.o(.text) for __sig_exit
    defsig_rtmem_formal.o(.text) refers to rt_raise.o(.text) for __rt_raise
    defsig_stak_inner.o(.text) refers to defsig_general.o(.text) for __default_signal_display
    defsig_pvfn_inner.o(.text) refers to defsig_general.o(.text) for __default_signal_display
    defsig_cppl_inner.o(.text) refers to defsig_general.o(.text) for __default_signal_display
    defsig_segv_inner.o(.text) refers to defsig_general.o(.text) for __default_signal_display
    defsig_other.o(.text) refers to defsig_general.o(.text) for __default_signal_display


==============================================================================

Memory Map of the image

  Image entry point : Not specified.

  Load Region LR_IROM1 (Base: 0x00000000, Size: 0x00003228, Max: 0x00010000, ABSOLUTE)

    Execution Region ER_IROM1 (Base: 0x00000000, Size: 0x000030f8, Max: 0x00010000, ABSOLUTE)

    Base Addr    Size         Type   Attr      Idx    E Section Name        Object

    0x00000000   0x00000080   Data   RO            3    RESET               cm0dsasm.o
    0x00000080   0x00000008   Code   RO           66  * !!!main             c_p.l(__main.o)
    0x00000088   0x00000002   Code   RO           59    .ARM.Collect$$_printf_percent$$00000000  c_p.l(_printf_percent.o)
    0x0000008a   0x0000000a   Code   RO           57    .ARM.Collect$$_printf_percent$$00000009  c_p.l(_printf_d.o)
    0x00000094   0x0000000a   Code   RO           58    .ARM.Collect$$_printf_percent$$0000000A  c_p.l(_printf_u.o)
    0x0000009e   0x0000000a   Code   RO           56    .ARM.Collect$$_printf_percent$$0000000C  c_p.l(_printf_x.o)
    0x000000a8   0x0000000a   Code   RO           55    .ARM.Collect$$_printf_percent$$00000013  c_p.l(_printf_c.o)
    0x000000b2   0x00000004   Code   RO           74    .ARM.Collect$$_printf_percent$$00000017  c_p.l(_printf_percent_end.o)
    0x000000b6   0x00000002   Code   RO          102    .ARM.Collect$$libinit$$00000000  c_p.l(libinit.o)
    0x000000b8   0x00000000   Code   RO          112    .ARM.Collect$$libinit$$00000002  c_p.l(libinit2.o)
    0x000000b8   0x00000000   Code   RO          114    .ARM.Collect$$libinit$$00000004  c_p.l(libinit2.o)
    0x000000b8   0x00000000   Code   RO          117    .ARM.Collect$$libinit$$0000000A  c_p.l(libinit2.o)
    0x000000b8   0x00000000   Code   RO          119    .ARM.Collect$$libinit$$0000000C  c_p.l(libinit2.o)
    0x000000b8   0x00000000   Code   RO          121    .ARM.Collect$$libinit$$0000000E  c_p.l(libinit2.o)
    0x000000b8   0x00000000   Code   RO          124    .ARM.Collect$$libinit$$00000011  c_p.l(libinit2.o)
    0x000000b8   0x00000000   Code   RO          126    .ARM.Collect$$libinit$$00000013  c_p.l(libinit2.o)
    0x000000b8   0x00000000   Code   RO          128    .ARM.Collect$$libinit$$00000015  c_p.l(libinit2.o)
    0x000000b8   0x00000000   Code   RO          130    .ARM.Collect$$libinit$$00000017  c_p.l(libinit2.o)
    0x000000b8   0x00000000   Code   RO          132    .ARM.Collect$$libinit$$00000019  c_p.l(libinit2.o)
    0x000000b8   0x00000000   Code   RO          134    .ARM.Collect$$libinit$$0000001B  c_p.l(libinit2.o)
    0x000000b8   0x00000000   Code   RO          136    .ARM.Collect$$libinit$$0000001D  c_p.l(libinit2.o)
    0x000000b8   0x00000000   Code   RO          138    .ARM.Collect$$libinit$$0000001F  c_p.l(libinit2.o)
    0x000000b8   0x00000000   Code   RO          140    .ARM.Collect$$libinit$$00000021  c_p.l(libinit2.o)
    0x000000b8   0x00000000   Code   RO          142    .ARM.Collect$$libinit$$00000023  c_p.l(libinit2.o)
    0x000000b8   0x00000000   Code   RO          144    .ARM.Collect$$libinit$$00000025  c_p.l(libinit2.o)
    0x000000b8   0x00000000   Code   RO          148    .ARM.Collect$$libinit$$0000002C  c_p.l(libinit2.o)
    0x000000b8   0x00000000   Code   RO          150    .ARM.Collect$$libinit$$0000002E  c_p.l(libinit2.o)
    0x000000b8   0x00000000   Code   RO          152    .ARM.Collect$$libinit$$00000030  c_p.l(libinit2.o)
    0x000000b8   0x00000000   Code   RO          154    .ARM.Collect$$libinit$$00000032  c_p.l(libinit2.o)
    0x000000b8   0x00000002   Code   RO          155    .ARM.Collect$$libinit$$00000033  c_p.l(libinit2.o)
    0x000000ba   0x00000002   Code   RO          171    .ARM.Collect$$libshutdown$$00000000  c_p.l(libshutdown.o)
    0x000000bc   0x00000000   Code   RO          185    .ARM.Collect$$libshutdown$$00000002  c_p.l(libshutdown2.o)
    0x000000bc   0x00000000   Code   RO          187    .ARM.Collect$$libshutdown$$00000004  c_p.l(libshutdown2.o)
    0x000000bc   0x00000000   Code   RO          190    .ARM.Collect$$libshutdown$$00000007  c_p.l(libshutdown2.o)
    0x000000bc   0x00000000   Code   RO          193    .ARM.Collect$$libshutdown$$0000000A  c_p.l(libshutdown2.o)
    0x000000bc   0x00000000   Code   RO          195    .ARM.Collect$$libshutdown$$0000000C  c_p.l(libshutdown2.o)
    0x000000bc   0x00000000   Code   RO          198    .ARM.Collect$$libshutdown$$0000000F  c_p.l(libshutdown2.o)
    0x000000bc   0x00000002   Code   RO          199    .ARM.Collect$$libshutdown$$00000010  c_p.l(libshutdown2.o)
    0x000000be   0x00000000   Code   RO           68    .ARM.Collect$$rtentry$$00000000  c_p.l(__rtentry.o)
    0x000000be   0x00000000   Code   RO           77    .ARM.Collect$$rtentry$$00000002  c_p.l(__rtentry2.o)
    0x000000be   0x00000006   Code   RO           89    .ARM.Collect$$rtentry$$00000004  c_p.l(__rtentry4.o)
    0x000000c4   0x00000000   Code   RO           79    .ARM.Collect$$rtentry$$00000009  c_p.l(__rtentry2.o)
    0x000000c4   0x00000004   Code   RO           80    .ARM.Collect$$rtentry$$0000000A  c_p.l(__rtentry2.o)
    0x000000c8   0x00000000   Code   RO           82    .ARM.Collect$$rtentry$$0000000C  c_p.l(__rtentry2.o)
    0x000000c8   0x00000008   Code   RO           83    .ARM.Collect$$rtentry$$0000000D  c_p.l(__rtentry2.o)
    0x000000d0   0x00000002   Code   RO          106    .ARM.Collect$$rtexit$$00000000  c_p.l(rtexit.o)
    0x000000d2   0x00000000   Code   RO          157    .ARM.Collect$$rtexit$$00000002  c_p.l(rtexit2.o)
    0x000000d2   0x00000004   Code   RO          158    .ARM.Collect$$rtexit$$00000003  c_p.l(rtexit2.o)
    0x000000d6   0x00000006   Code   RO          159    .ARM.Collect$$rtexit$$00000004  c_p.l(rtexit2.o)
    0x000000dc   0x00000038   Code   RO           60    .emb_text           c_p.l(rt_memcpy.o)
    0x00000114   0x00000124   Code   RO            4  * .text               cm0dsasm.o
    0x00000238   0x00000df8   Code   RO            5    .text               main.o
    0x00001030   0x00000060   Code   RO            8    .text               retarget.o
    0x00001090   0x00001584   Code   RO           10    .text               scm3c_hardware_interface.o
    0x00002614   0x00000270   Code   RO           14    .text               scm3_hardware_interface.o
    0x00002884   0x000002d0   Code   RO           17    .text               scum_radio_bsp.o
    0x00002b54   0x00000002   Code   RO           22    .text               c_p.l(use_no_semi_2.o)
    0x00002b56   0x00000002   PAD
    0x00002b58   0x0000001c   Code   RO           24    .text               c_p.l(noretval__2printf.o)
    0x00002b74   0x0000006c   Code   RO           25    .text               c_p.l(__printf.o)
    0x00002be0   0x00000052   Code   RO           26    .text               c_p.l(_printf_str.o)
    0x00002c32   0x00000002   PAD
    0x00002c34   0x0000006c   Code   RO           27    .text               c_p.l(_printf_dec.o)
    0x00002ca0   0x00000058   Code   RO           30    .text               c_p.l(_printf_hex_int.o)
    0x00002cf8   0x00000040   Code   RO           62    .text               c_p.l(rt_memclr.o)
    0x00002d38   0x0000015a   Code   RO           63    .text               c_p.l(aeabi_sdiv.o)
    0x00002e92   0x00000006   Code   RO           65    .text               c_p.l(heapauxi.o)
    0x00002e98   0x00000002   Code   RO           67    .text               c_p.l(use_no_semi.o)
    0x00002e9a   0x000000b0   Code   RO           71    .text               c_p.l(_printf_intcommon.o)
    0x00002f4a   0x0000002e   Code   RO           72    .text               c_p.l(_printf_char.o)
    0x00002f78   0x00000028   Code   RO           73    .text               c_p.l(_printf_char_file.o)
    0x00002fa0   0x00000028   Code   RO           75    .text               c_p.l(rtudiv10.o)
    0x00002fc8   0x00000030   Code   RO           92    .text               c_p.l(_printf_char_common.o)
    0x00002ff8   0x0000003e   Code   RO           93    .text               c_p.l(sys_stackheap_outer.o)
    0x00003036   0x00000010   Code   RO           96    .text               c_p.l(exit.o)
    0x00003046   0x00000002   PAD
    0x00003048   0x00000008   Code   RO          103    .text               c_p.l(libspace.o)
    0x00003050   0x00000080   Data   RO           12    .constdata          scm3c_hardware_interface.o
    0x000030d0   0x00000028   Data   RO           31    .constdata          c_p.l(_printf_hex_int.o)
    0x000030f8   0x00000000   Data   RO          201    Region$$Table       anon$$obj.o


    Execution Region RW_IRAM1 (Base: 0x20000000, Size: 0x00005f80, Max: 0x00010000, ABSOLUTE)

    Base Addr    Size         Type   Attr      Idx    E Section Name        Object

    0x20000000   0x000000be   Data   RW            7    .data               main.o
    0x200000be   0x00000002   PAD
    0x200000c0   0x00000008   Data   RW            9    .data               retarget.o
    0x200000c8   0x00000014   Data   RW           13    .data               scm3c_hardware_interface.o
    0x200000dc   0x00000018   Data   RW           16    .data               scm3_hardware_interface.o
    0x200000f4   0x0000003c   Data   RW           19    .data               scum_radio_bsp.o
    0x20000130   0x000050b4   Zero   RW            6    .bss                main.o
    0x200051e4   0x00000080   Zero   RW           11    .bss                scm3c_hardware_interface.o
    0x20005264   0x00000098   Zero   RW           15    .bss                scm3_hardware_interface.o
    0x200052fc   0x00000016   Zero   RW           18    .bss                scum_radio_bsp.o
    0x20005312   0x00000002   PAD
    0x20005314   0x00000060   Zero   RW          104    .bss                c_p.l(libspace.o)
    0x20005374   0x0000000c   PAD
    0x20005380   0x00000400   Zero   RW            2    HEAP                cm0dsasm.o
    0x20005780   0x00000800   Zero   RW            1    STACK               cm0dsasm.o

